// Jest Snapshot v1, https://goo.gl/fbAQLP

exports[`<Board /> rendering inital board and win state matches snapshot for full board 1`] = `
<DocumentFragment>
  <table
    class="Board"
  >
    <tbody>
      <tr>
        <td
          class="Cell Cell-lit"
          role="button"
        />
        <td
          class="Cell Cell-lit"
          role="button"
        />
        <td
          class="Cell Cell-lit"
          role="button"
        />
        <td
          class="Cell Cell-lit"
          role="button"
        />
        <td
          class="Cell Cell-lit"
          role="button"
        />
      </tr>
      <tr>
        <td
          class="Cell Cell-lit"
          role="button"
        />
        <td
          class="Cell Cell-lit"
          role="button"
        />
        <td
          class="Cell Cell-lit"
          role="button"
        />
        <td
          class="Cell Cell-lit"
          role="button"
        />
        <td
          class="Cell Cell-lit"
          role="button"
        />
      </tr>
      <tr>
        <td
          class="Cell Cell-lit"
          role="button"
        />
        <td
          class="Cell Cell-lit"
          role="button"
        />
        <td
          class="Cell Cell-lit"
          role="button"
        />
        <td
          class="Cell Cell-lit"
          role="button"
        />
        <td
          class="Cell Cell-lit"
          role="button"
        />
      </tr>
      <tr>
        <td
          class="Cell Cell-lit"
          role="button"
        />
        <td
          class="Cell Cell-lit"
          role="button"
        />
        <td
          class="Cell Cell-lit"
          role="button"
        />
        <td
          class="Cell Cell-lit"
          role="button"
        />
        <td
          class="Cell Cell-lit"
          role="button"
        />
      </tr>
      <tr>
        <td
          class="Cell Cell-lit"
          role="button"
        />
        <td
          class="Cell Cell-lit"
          role="button"
        />
        <td
          class="Cell Cell-lit"
          role="button"
        />
        <td
          class="Cell Cell-lit"
          role="button"
        />
        <td
          class="Cell Cell-lit"
          role="button"
        />
      </tr>
    </tbody>
  </table>
</DocumentFragment>
`;

exports[`<Cell /> rendering matches snapshot when lit 1`] = `<DocumentFragment />`;

exports[`<Cell /> rendering matches snapshot when not lit 1`] = `<DocumentFragment />`;

exports[`<Cell /> rendering matches when lit 1`] = `<DocumentFragment />`;

exports[`<Cell /> rendering matches when not lit 1`] = `<DocumentFragment />`;
